// Jest Snapshot v1, https://goo.gl/fbAQLP

exports[`Notification Renders Notification correctly 1`] = `null`;
