// Jest Snapshot v1, https://goo.gl/fbAQLP

exports[`Notification Renders Login form correctly 1`] = `
<div
  className="container mx-auto px-4 h-full"
>
  <div
    className="flex content-center items-center justify-center h-full"
  >
    <div
      className="px-4 login"
    >
      <div
        className="relative flex flex-col min-w-0 break-words w-full mb-6 shadow-lg rounded-xl bg-white border-0"
      >
        <div
          className="rounded-t mb-0 px-4 pb-12 pt-6"
        >
          <img
            alt="logo"
            src="logo.png"
          />
        </div>
        <div
          className="flex-auto px-4 py-10 pt-0"
        >
          <form
            action="#"
            onReset={[Function]}
            onSubmit={[Function]}
          >
            <div
              className="relative w-full mb-6"
            >
              <input
                className="input   border-[1px] border-primary-50"
                name="email"
                onBlur={[Function]}
                onChange={[Function]}
                onFocus={[Function]}
                placeholder="Email"
                type="email"
                value=""
              />
              <span
                className="formik-error-message"
              />
            </div>
            <div
              className="relative w-full mb-6"
            >
              <div
                className="password-wrapper  border-[1px] border-primary-50 h-[43px] w-full"
              >
                <div
                  className="password-with-asterisk"
                >
                  <input
                    className="password-input h-[41px] text-transparent"
                    name="password"
                    onBlur={[Function]}
                    onChange={[Function]}
                    onFocus={[Function]}
                    onKeyUp={[Function]}
                    placeholder="Password"
                    type="password"
                    value=""
                  />
                  <span
                    className="password-with-asterisk-dummy"
                    id="password"
                    style={
                      Object {
                        "display": "inline",
                      }
                    }
                  />
                </div>
                <div
                  className="password-icon"
                >
                  <span
                    className="material-icons "
                    onClick={[Function]}
                    role="button"
                  >
                    visibility
                  </span>
                </div>
              </div>
              <span
                className="formik-error-message"
              />
              <p
                className="input-error-message"
              />
            </div>
            <div />
            <div
              className="text-center mt-6 font-roboto"
            >
              <button
                className="text-[18px] text-white font-medium leading-[21.09px] px-4 py-3 rounded-lg shadow hover:shadow-lg outline-none focus:outline-none mr-1 mb-1 w-full ease-linear transition-all duration-150 justify-between flex items-center bg-primary-60"
                disabled={true}
                type="submit"
              >
                <span>
                  Sign in
                </span>
                <span
                  className="material-icons "
                  onClick={[Function]}
                  role="button"
                >
                  login
                </span>
              </button>
              <a
                href="/auth/forgot-password"
                onClick={[Function]}
              >
                <span
                  className="login-forgot font-medium text-[13px] leading-[15px]"
                >
                   
                  Forgot Your Password?
                </span>
              </a>
            </div>
          </form>
        </div>
      </div>
    </div>
  </div>
</div>
`;
