// Jest Snapshot v1, https://goo.gl/fbAQLP

exports[`Renders Icon correctly 1`] = `
<span
  className="material-icons "
  onClick={[Function]}
  role="button"
>
  visibility
</span>
`;
